Archive member included to satisfy reference by file (symbol)

/usr/lib/gcc/avr/4.9.2/avr51/libgcc.a(_udivmodsi4.o)
                              build/./usart0.o (__udivmodsi4)
/usr/lib/gcc/avr/4.9.2/avr51/libgcc.a(_exit.o)
                              /usr/lib/gcc/avr/4.9.2/../../../avr/lib/avr51/crtat90can128.o (exit)
/usr/lib/gcc/avr/4.9.2/avr51/libgcc.a(_copy_data.o)
                              build/./sensor.o (__do_copy_data)
/usr/lib/gcc/avr/4.9.2/avr51/libgcc.a(_clear_bss.o)
                              build/./sensor.o (__do_clear_bss)
/usr/lib/gcc/avr/4.9.2/avr51/libgcc.a(_umulhisi3.o)
                              build/./pwm.o (__umulhisi3)

Memory Configuration

Name             Origin             Length             Attributes
text             0x0000000000000000 0x0000000000020000 xr
data             0x0000000000800100 0x000000000000ff00 rw !x
eeprom           0x0000000000810000 0x0000000000010000 rw !x
fuse             0x0000000000820000 0x0000000000000400 rw !x
lock             0x0000000000830000 0x0000000000000400 rw !x
signature        0x0000000000840000 0x0000000000000400 rw !x
user_signatures  0x0000000000850000 0x0000000000000400 rw !x
*default*        0x0000000000000000 0xffffffffffffffff

Linker script and memory map

Address of section .data set to 0x800100
LOAD /usr/lib/gcc/avr/4.9.2/../../../avr/lib/avr51/crtat90can128.o
LOAD build/./main.o
LOAD build/./usart0.o
LOAD build/./sensor.o
LOAD build/./communicator.o
LOAD build/./spi.o
LOAD build/./pwm.o
LOAD build/./actuator.o
LOAD build/./register.o
LOAD /usr/lib/gcc/avr/4.9.2/../../../avr/lib/avr51/libm.a
START GROUP
LOAD /usr/lib/gcc/avr/4.9.2/avr51/libgcc.a
LOAD /usr/lib/gcc/avr/4.9.2/../../../avr/lib/avr51/libm.a
LOAD /usr/lib/gcc/avr/4.9.2/../../../avr/lib/avr51/libc.a
LOAD /usr/lib/gcc/avr/4.9.2/../../../avr/lib/avr51/libat90can128.a
END GROUP

.hash
 *(.hash)

.dynsym
 *(.dynsym)

.dynstr
 *(.dynstr)

.gnu.version
 *(.gnu.version)

.gnu.version_d
 *(.gnu.version_d)

.gnu.version_r
 *(.gnu.version_r)

.rel.init
 *(.rel.init)

.rela.init
 *(.rela.init)

.rel.text
 *(.rel.text)
 *(.rel.text.*)
 *(.rel.gnu.linkonce.t*)

.rela.text
 *(.rela.text)
 *(.rela.text.*)
 *(.rela.gnu.linkonce.t*)

.rel.fini
 *(.rel.fini)

.rela.fini
 *(.rela.fini)

.rel.rodata
 *(.rel.rodata)
 *(.rel.rodata.*)
 *(.rel.gnu.linkonce.r*)

.rela.rodata
 *(.rela.rodata)
 *(.rela.rodata.*)
 *(.rela.gnu.linkonce.r*)

.rel.data
 *(.rel.data)
 *(.rel.data.*)
 *(.rel.gnu.linkonce.d*)

.rela.data
 *(.rela.data)
 *(.rela.data.*)
 *(.rela.gnu.linkonce.d*)

.rel.ctors
 *(.rel.ctors)

.rela.ctors
 *(.rela.ctors)

.rel.dtors
 *(.rel.dtors)

.rela.dtors
 *(.rela.dtors)

.rel.got
 *(.rel.got)

.rela.got
 *(.rela.got)

.rel.bss
 *(.rel.bss)

.rela.bss
 *(.rela.bss)

.rel.plt
 *(.rel.plt)

.rela.plt
 *(.rela.plt)

.text           0x0000000000000000      0x59a
 *(.vectors)
 .vectors       0x0000000000000000       0x94 /usr/lib/gcc/avr/4.9.2/../../../avr/lib/avr51/crtat90can128.o
                0x0000000000000000                __vectors
                0x0000000000000000                __vector_default
 *(.vectors)
 *(.progmem.gcc*)
                0x0000000000000094                . = ALIGN (0x2)
                0x0000000000000094                __trampolines_start = .
 *(.trampolines)
 .trampolines   0x0000000000000094        0x0 linker stubs
 *(.trampolines*)
                0x0000000000000094                __trampolines_end = .
 *(.progmem*)
                0x0000000000000094                . = ALIGN (0x2)
 *(.jumptables)
 *(.jumptables*)
 *(.lowtext)
 *(.lowtext*)
                0x0000000000000094                __ctors_start = .
 *(.ctors)
                0x0000000000000094                __ctors_end = .
                0x0000000000000094                __dtors_start = .
 *(.dtors)
                0x0000000000000094                __dtors_end = .
 SORT(*)(.ctors)
 SORT(*)(.dtors)
 *(.init0)
 .init0         0x0000000000000094        0x0 /usr/lib/gcc/avr/4.9.2/../../../avr/lib/avr51/crtat90can128.o
                0x0000000000000094                __init
 *(.init0)
 *(.init1)
 *(.init1)
 *(.init2)
 .init2         0x0000000000000094        0xc /usr/lib/gcc/avr/4.9.2/../../../avr/lib/avr51/crtat90can128.o
 *(.init2)
 *(.init3)
 *(.init3)
 *(.init4)
 .init4         0x00000000000000a0       0x1a /usr/lib/gcc/avr/4.9.2/avr51/libgcc.a(_copy_data.o)
                0x00000000000000a0                __do_copy_data
 .init4         0x00000000000000ba       0x10 /usr/lib/gcc/avr/4.9.2/avr51/libgcc.a(_clear_bss.o)
                0x00000000000000ba                __do_clear_bss
 *(.init4)
 *(.init5)
 *(.init5)
 *(.init6)
 *(.init6)
 *(.init7)
 *(.init7)
 *(.init8)
 *(.init8)
 *(.init9)
 .init9         0x00000000000000ca        0x8 /usr/lib/gcc/avr/4.9.2/../../../avr/lib/avr51/crtat90can128.o
 *(.init9)
 *(.text)
 .text          0x00000000000000d2        0x4 /usr/lib/gcc/avr/4.9.2/../../../avr/lib/avr51/crtat90can128.o
                0x00000000000000d2                __vector_22
                0x00000000000000d2                __vector_28
                0x00000000000000d2                __vector_1
                0x00000000000000d2                __vector_32
                0x00000000000000d2                __vector_34
                0x00000000000000d2                __vector_24
                0x00000000000000d2                __vector_12
                0x00000000000000d2                __bad_interrupt
                0x00000000000000d2                __vector_6
                0x00000000000000d2                __vector_31
                0x00000000000000d2                __vector_35
                0x00000000000000d2                __vector_3
                0x00000000000000d2                __vector_23
                0x00000000000000d2                __vector_30
                0x00000000000000d2                __vector_25
                0x00000000000000d2                __vector_11
                0x00000000000000d2                __vector_13
                0x00000000000000d2                __vector_17
                0x00000000000000d2                __vector_19
                0x00000000000000d2                __vector_7
                0x00000000000000d2                __vector_27
                0x00000000000000d2                __vector_5
                0x00000000000000d2                __vector_33
                0x00000000000000d2                __vector_4
                0x00000000000000d2                __vector_9
                0x00000000000000d2                __vector_2
                0x00000000000000d2                __vector_21
                0x00000000000000d2                __vector_15
                0x00000000000000d2                __vector_36
                0x00000000000000d2                __vector_29
                0x00000000000000d2                __vector_8
                0x00000000000000d2                __vector_26
                0x00000000000000d2                __vector_14
                0x00000000000000d2                __vector_10
                0x00000000000000d2                __vector_16
                0x00000000000000d2                __vector_18
                0x00000000000000d2                __vector_20
 .text          0x00000000000000d6        0x0 build/./main.o
 .text          0x00000000000000d6       0xb0 build/./usart0.o
                0x00000000000000d6                USART0_init
                0x000000000000016a                USART0_transmit
                0x0000000000000178                USART0_receive
 .text          0x0000000000000186       0xca build/./sensor.o
                0x0000000000000186                sensors_init
                0x00000000000001a0                send_sensor_status
                0x00000000000001c4                update_sensor_status
 .text          0x0000000000000250       0x4c build/./communicator.o
                0x0000000000000250                transmit_byte
                0x0000000000000254                read_byte
                0x0000000000000258                read_packet
 .text          0x000000000000029c       0x28 build/./spi.o
                0x000000000000029c                SPI_slave_init
                0x00000000000002b0                SPI_receive
                0x00000000000002ba                SPI_transmit
 .text          0x00000000000002c4      0x1a0 build/./pwm.o
                0x00000000000002c4                pbr_pwm_set
                0x00000000000002ec                servo_pwm_set
                0x000000000000037a                timer1_init
                0x00000000000003bc                timer3_init
                0x00000000000003fe                pwm_init
 .text          0x0000000000000464       0x6e build/./actuator.o
                0x0000000000000464                brushless_set_speed
                0x0000000000000472                servo_set_position
                0x0000000000000480                servo_limit_check
                0x0000000000000496                brushless_init
 .text          0x00000000000004d2        0xe build/./register.o
                0x00000000000004d2                register_16_write
 .text          0x00000000000004e0        0x0 /usr/lib/gcc/avr/4.9.2/avr51/libgcc.a(_udivmodsi4.o)
 .text          0x00000000000004e0        0x0 /usr/lib/gcc/avr/4.9.2/avr51/libgcc.a(_exit.o)
 .text          0x00000000000004e0        0x0 /usr/lib/gcc/avr/4.9.2/avr51/libgcc.a(_copy_data.o)
 .text          0x00000000000004e0        0x0 /usr/lib/gcc/avr/4.9.2/avr51/libgcc.a(_clear_bss.o)
 .text          0x00000000000004e0        0x0 /usr/lib/gcc/avr/4.9.2/avr51/libgcc.a(_umulhisi3.o)
                0x00000000000004e0                . = ALIGN (0x2)
 *(.text.*)
 .text.startup  0x00000000000004e0       0x54 build/./main.o
                0x00000000000004e0                main
 .text.libgcc.mul
                0x0000000000000534        0x0 /usr/lib/gcc/avr/4.9.2/avr51/libgcc.a(_udivmodsi4.o)
 .text.libgcc.div
                0x0000000000000534       0x44 /usr/lib/gcc/avr/4.9.2/avr51/libgcc.a(_udivmodsi4.o)
                0x0000000000000534                __udivmodsi4
 .text.libgcc   0x0000000000000578        0x0 /usr/lib/gcc/avr/4.9.2/avr51/libgcc.a(_udivmodsi4.o)
 .text.libgcc.prologue
                0x0000000000000578        0x0 /usr/lib/gcc/avr/4.9.2/avr51/libgcc.a(_udivmodsi4.o)
 .text.libgcc.builtins
                0x0000000000000578        0x0 /usr/lib/gcc/avr/4.9.2/avr51/libgcc.a(_udivmodsi4.o)
 .text.libgcc.fmul
                0x0000000000000578        0x0 /usr/lib/gcc/avr/4.9.2/avr51/libgcc.a(_udivmodsi4.o)
 .text.libgcc.fixed
                0x0000000000000578        0x0 /usr/lib/gcc/avr/4.9.2/avr51/libgcc.a(_udivmodsi4.o)
 .text.libgcc.mul
                0x0000000000000578        0x0 /usr/lib/gcc/avr/4.9.2/avr51/libgcc.a(_exit.o)
 .text.libgcc.div
                0x0000000000000578        0x0 /usr/lib/gcc/avr/4.9.2/avr51/libgcc.a(_exit.o)
 .text.libgcc   0x0000000000000578        0x0 /usr/lib/gcc/avr/4.9.2/avr51/libgcc.a(_exit.o)
 .text.libgcc.prologue
                0x0000000000000578        0x0 /usr/lib/gcc/avr/4.9.2/avr51/libgcc.a(_exit.o)
 .text.libgcc.builtins
                0x0000000000000578        0x0 /usr/lib/gcc/avr/4.9.2/avr51/libgcc.a(_exit.o)
 .text.libgcc.fmul
                0x0000000000000578        0x0 /usr/lib/gcc/avr/4.9.2/avr51/libgcc.a(_exit.o)
 .text.libgcc.fixed
                0x0000000000000578        0x0 /usr/lib/gcc/avr/4.9.2/avr51/libgcc.a(_exit.o)
 .text.libgcc.mul
                0x0000000000000578        0x0 /usr/lib/gcc/avr/4.9.2/avr51/libgcc.a(_copy_data.o)
 .text.libgcc.div
                0x0000000000000578        0x0 /usr/lib/gcc/avr/4.9.2/avr51/libgcc.a(_copy_data.o)
 .text.libgcc   0x0000000000000578        0x0 /usr/lib/gcc/avr/4.9.2/avr51/libgcc.a(_copy_data.o)
 .text.libgcc.prologue
                0x0000000000000578        0x0 /usr/lib/gcc/avr/4.9.2/avr51/libgcc.a(_copy_data.o)
 .text.libgcc.builtins
                0x0000000000000578        0x0 /usr/lib/gcc/avr/4.9.2/avr51/libgcc.a(_copy_data.o)
 .text.libgcc.fmul
                0x0000000000000578        0x0 /usr/lib/gcc/avr/4.9.2/avr51/libgcc.a(_copy_data.o)
 .text.libgcc.fixed
                0x0000000000000578        0x0 /usr/lib/gcc/avr/4.9.2/avr51/libgcc.a(_copy_data.o)
 .text.libgcc.mul
                0x0000000000000578        0x0 /usr/lib/gcc/avr/4.9.2/avr51/libgcc.a(_clear_bss.o)
 .text.libgcc.div
                0x0000000000000578        0x0 /usr/lib/gcc/avr/4.9.2/avr51/libgcc.a(_clear_bss.o)
 .text.libgcc   0x0000000000000578        0x0 /usr/lib/gcc/avr/4.9.2/avr51/libgcc.a(_clear_bss.o)
 .text.libgcc.prologue
                0x0000000000000578        0x0 /usr/lib/gcc/avr/4.9.2/avr51/libgcc.a(_clear_bss.o)
 .text.libgcc.builtins
                0x0000000000000578        0x0 /usr/lib/gcc/avr/4.9.2/avr51/libgcc.a(_clear_bss.o)
 .text.libgcc.fmul
                0x0000000000000578        0x0 /usr/lib/gcc/avr/4.9.2/avr51/libgcc.a(_clear_bss.o)
 .text.libgcc.fixed
                0x0000000000000578        0x0 /usr/lib/gcc/avr/4.9.2/avr51/libgcc.a(_clear_bss.o)
 .text.libgcc.mul
                0x0000000000000578       0x1e /usr/lib/gcc/avr/4.9.2/avr51/libgcc.a(_umulhisi3.o)
                0x0000000000000578                __umulhisi3
 .text.libgcc.div
                0x0000000000000596        0x0 /usr/lib/gcc/avr/4.9.2/avr51/libgcc.a(_umulhisi3.o)
 .text.libgcc   0x0000000000000596        0x0 /usr/lib/gcc/avr/4.9.2/avr51/libgcc.a(_umulhisi3.o)
 .text.libgcc.prologue
                0x0000000000000596        0x0 /usr/lib/gcc/avr/4.9.2/avr51/libgcc.a(_umulhisi3.o)
 .text.libgcc.builtins
                0x0000000000000596        0x0 /usr/lib/gcc/avr/4.9.2/avr51/libgcc.a(_umulhisi3.o)
 .text.libgcc.fmul
                0x0000000000000596        0x0 /usr/lib/gcc/avr/4.9.2/avr51/libgcc.a(_umulhisi3.o)
 .text.libgcc.fixed
                0x0000000000000596        0x0 /usr/lib/gcc/avr/4.9.2/avr51/libgcc.a(_umulhisi3.o)
                0x0000000000000596                . = ALIGN (0x2)
 *(.fini9)
 .fini9         0x0000000000000596        0x0 /usr/lib/gcc/avr/4.9.2/avr51/libgcc.a(_exit.o)
                0x0000000000000596                exit
                0x0000000000000596                _exit
 *(.fini9)
 *(.fini8)
 *(.fini8)
 *(.fini7)
 *(.fini7)
 *(.fini6)
 *(.fini6)
 *(.fini5)
 *(.fini5)
 *(.fini4)
 *(.fini4)
 *(.fini3)
 *(.fini3)
 *(.fini2)
 *(.fini2)
 *(.fini1)
 *(.fini1)
 *(.fini0)
 .fini0         0x0000000000000596        0x4 /usr/lib/gcc/avr/4.9.2/avr51/libgcc.a(_exit.o)
 *(.fini0)
                0x000000000000059a                _etext = .

.data           0x0000000000800100        0x2 load address 0x000000000000059a
                0x0000000000800100                PROVIDE (__data_start, .)
 *(.data)
 .data          0x0000000000800100        0x0 /usr/lib/gcc/avr/4.9.2/../../../avr/lib/avr51/crtat90can128.o
 .data          0x0000000000800100        0x0 build/./main.o
 .data          0x0000000000800100        0x0 build/./usart0.o
 .data          0x0000000000800100        0x1 build/./sensor.o
 .data          0x0000000000800101        0x0 build/./communicator.o
 .data          0x0000000000800101        0x0 build/./spi.o
 .data          0x0000000000800101        0x0 build/./pwm.o
 .data          0x0000000000800101        0x0 build/./actuator.o
 .data          0x0000000000800101        0x0 build/./register.o
 .data          0x0000000000800101        0x0 /usr/lib/gcc/avr/4.9.2/avr51/libgcc.a(_udivmodsi4.o)
 .data          0x0000000000800101        0x0 /usr/lib/gcc/avr/4.9.2/avr51/libgcc.a(_exit.o)
 .data          0x0000000000800101        0x0 /usr/lib/gcc/avr/4.9.2/avr51/libgcc.a(_copy_data.o)
 .data          0x0000000000800101        0x0 /usr/lib/gcc/avr/4.9.2/avr51/libgcc.a(_clear_bss.o)
 .data          0x0000000000800101        0x0 /usr/lib/gcc/avr/4.9.2/avr51/libgcc.a(_umulhisi3.o)
 *(.data*)
 *(.rodata)
 *(.rodata*)
 *(.gnu.linkonce.d*)
                0x0000000000800102                . = ALIGN (0x2)
 *fill*         0x0000000000800101        0x1 
                0x0000000000800102                _edata = .
                0x0000000000800102                PROVIDE (__data_end, .)

.bss            0x0000000000800102       0x10
                0x0000000000800102                PROVIDE (__bss_start, .)
 *(.bss)
 .bss           0x0000000000800102        0x0 /usr/lib/gcc/avr/4.9.2/../../../avr/lib/avr51/crtat90can128.o
 .bss           0x0000000000800102        0x0 build/./main.o
 .bss           0x0000000000800102        0x0 build/./usart0.o
 .bss           0x0000000000800102        0x8 build/./sensor.o
 .bss           0x000000000080010a        0x0 build/./communicator.o
 .bss           0x000000000080010a        0x0 build/./spi.o
 .bss           0x000000000080010a        0x8 build/./pwm.o
 .bss           0x0000000000800112        0x0 build/./actuator.o
 .bss           0x0000000000800112        0x0 build/./register.o
 .bss           0x0000000000800112        0x0 /usr/lib/gcc/avr/4.9.2/avr51/libgcc.a(_udivmodsi4.o)
 .bss           0x0000000000800112        0x0 /usr/lib/gcc/avr/4.9.2/avr51/libgcc.a(_exit.o)
 .bss           0x0000000000800112        0x0 /usr/lib/gcc/avr/4.9.2/avr51/libgcc.a(_copy_data.o)
 .bss           0x0000000000800112        0x0 /usr/lib/gcc/avr/4.9.2/avr51/libgcc.a(_clear_bss.o)
 .bss           0x0000000000800112        0x0 /usr/lib/gcc/avr/4.9.2/avr51/libgcc.a(_umulhisi3.o)
 *(.bss*)
 *(COMMON)
                0x0000000000800112                PROVIDE (__bss_end, .)
                0x000000000000059a                __data_load_start = LOADADDR (.data)
                0x000000000000059c                __data_load_end = (__data_load_start + SIZEOF (.data))

.noinit         0x0000000000800112        0x0
                0x0000000000800112                PROVIDE (__noinit_start, .)
 *(.noinit*)
                0x0000000000800112                PROVIDE (__noinit_end, .)
                0x0000000000800112                _end = .
                0x0000000000800112                PROVIDE (__heap_start, .)

.eeprom         0x0000000000810000        0x0
 *(.eeprom*)
                0x0000000000810000                __eeprom_end = .

.fuse
 *(.fuse)
 *(.lfuse)
 *(.hfuse)
 *(.efuse)

.lock
 *(.lock*)

.signature
 *(.signature*)

.user_signatures
 *(.user_signatures*)

.stab
 *(.stab)

.stabstr
 *(.stabstr)

.stab.excl
 *(.stab.excl)

.stab.exclstr
 *(.stab.exclstr)

.stab.index
 *(.stab.index)

.stab.indexstr
 *(.stab.indexstr)

.comment        0x0000000000000000       0x11
 *(.comment)
 .comment       0x0000000000000000       0x11 build/./main.o
                                         0x12 (size before relaxing)
 .comment       0x0000000000000011       0x12 build/./usart0.o
 .comment       0x0000000000000011       0x12 build/./sensor.o
 .comment       0x0000000000000011       0x12 build/./communicator.o
 .comment       0x0000000000000011       0x12 build/./spi.o
 .comment       0x0000000000000011       0x12 build/./pwm.o
 .comment       0x0000000000000011       0x12 build/./actuator.o
 .comment       0x0000000000000011       0x12 build/./register.o

.note.gnu.avr.deviceinfo
                0x0000000000000000       0x40
 .note.gnu.avr.deviceinfo
                0x0000000000000000       0x40 /usr/lib/gcc/avr/4.9.2/../../../avr/lib/avr51/crtat90can128.o

.note.gnu.build-id
 *(.note.gnu.build-id)

.debug
 *(.debug)

.line
 *(.line)

.debug_srcinfo
 *(.debug_srcinfo)

.debug_sfnames
 *(.debug_sfnames)

.debug_aranges  0x0000000000000000      0x100
 *(.debug_aranges)
 .debug_aranges
                0x0000000000000000       0x20 build/./main.o
 .debug_aranges
                0x0000000000000020       0x20 build/./usart0.o
 .debug_aranges
                0x0000000000000040       0x20 build/./sensor.o
 .debug_aranges
                0x0000000000000060       0x20 build/./communicator.o
 .debug_aranges
                0x0000000000000080       0x20 build/./spi.o
 .debug_aranges
                0x00000000000000a0       0x20 build/./pwm.o
 .debug_aranges
                0x00000000000000c0       0x20 build/./actuator.o
 .debug_aranges
                0x00000000000000e0       0x20 build/./register.o

.debug_pubnames
 *(.debug_pubnames)

.debug_info     0x0000000000000000      0xe18
 *(.debug_info .gnu.linkonce.wi.*)
 .debug_info    0x0000000000000000      0x21b build/./main.o
 .debug_info    0x000000000000021b       0xf6 build/./usart0.o
 .debug_info    0x0000000000000311      0x19e build/./sensor.o
 .debug_info    0x00000000000004af      0x2f0 build/./communicator.o
 .debug_info    0x000000000000079f       0xc4 build/./spi.o
 .debug_info    0x0000000000000863      0x254 build/./pwm.o
 .debug_info    0x0000000000000ab7      0x296 build/./actuator.o
 .debug_info    0x0000000000000d4d       0xcb build/./register.o

.debug_abbrev   0x0000000000000000      0x77c
 *(.debug_abbrev)
 .debug_abbrev  0x0000000000000000       0xb3 build/./main.o
 .debug_abbrev  0x00000000000000b3       0x98 build/./usart0.o
 .debug_abbrev  0x000000000000014b      0x138 build/./sensor.o
 .debug_abbrev  0x0000000000000283      0x186 build/./communicator.o
 .debug_abbrev  0x0000000000000409       0x90 build/./spi.o
 .debug_abbrev  0x0000000000000499       0xfc build/./pwm.o
 .debug_abbrev  0x0000000000000595      0x168 build/./actuator.o
 .debug_abbrev  0x00000000000006fd       0x7f build/./register.o

.debug_line     0x0000000000000000      0x481
 *(.debug_line .debug_line.* .debug_line_end)
 .debug_line    0x0000000000000000       0xb4 build/./main.o
 .debug_line    0x00000000000000b4       0x77 build/./usart0.o
 .debug_line    0x000000000000012b       0x9c build/./sensor.o
 .debug_line    0x00000000000001c7       0xb1 build/./communicator.o
 .debug_line    0x0000000000000278       0x67 build/./spi.o
 .debug_line    0x00000000000002df       0xa0 build/./pwm.o
 .debug_line    0x000000000000037f       0xa8 build/./actuator.o
 .debug_line    0x0000000000000427       0x5a build/./register.o

.debug_frame    0x0000000000000000      0x224
 *(.debug_frame)
 .debug_frame   0x0000000000000000       0x24 build/./main.o
 .debug_frame   0x0000000000000024       0x44 build/./usart0.o
 .debug_frame   0x0000000000000068       0x50 build/./sensor.o
 .debug_frame   0x00000000000000b8       0x4c build/./communicator.o
 .debug_frame   0x0000000000000104       0x44 build/./spi.o
 .debug_frame   0x0000000000000148       0x64 build/./pwm.o
 .debug_frame   0x00000000000001ac       0x54 build/./actuator.o
 .debug_frame   0x0000000000000200       0x24 build/./register.o

.debug_str      0x0000000000000000      0x3e0
 *(.debug_str)
 .debug_str     0x0000000000000000      0x1a1 build/./main.o
                                        0x1e1 (size before relaxing)
 .debug_str     0x00000000000001a1       0x37 build/./usart0.o
                                        0x181 (size before relaxing)
 .debug_str     0x00000000000001d8       0x4a build/./sensor.o
                                        0x1af (size before relaxing)
 .debug_str     0x0000000000000222       0x6a build/./communicator.o
                                        0x20c (size before relaxing)
 .debug_str     0x000000000000028c       0x2e build/./spi.o
                                        0x163 (size before relaxing)
 .debug_str     0x00000000000002ba       0x95 build/./pwm.o
                                        0x217 (size before relaxing)
 .debug_str     0x000000000000034f       0x7a build/./actuator.o
                                        0x21e (size before relaxing)
 .debug_str     0x00000000000003c9       0x17 build/./register.o
                                        0x163 (size before relaxing)

.debug_loc      0x0000000000000000      0x5f9
 *(.debug_loc)
 .debug_loc     0x0000000000000000       0x56 build/./usart0.o
 .debug_loc     0x0000000000000056       0x93 build/./sensor.o
 .debug_loc     0x00000000000000e9      0x155 build/./communicator.o
 .debug_loc     0x000000000000023e      0x2dd build/./pwm.o
 .debug_loc     0x000000000000051b       0xde build/./actuator.o

.debug_macinfo
 *(.debug_macinfo)

.debug_weaknames
 *(.debug_weaknames)

.debug_funcnames
 *(.debug_funcnames)

.debug_typenames
 *(.debug_typenames)

.debug_varnames
 *(.debug_varnames)

.debug_pubtypes
 *(.debug_pubtypes)

.debug_ranges   0x0000000000000000       0x40
 *(.debug_ranges)
 .debug_ranges  0x0000000000000000       0x10 build/./main.o
 .debug_ranges  0x0000000000000010       0x30 build/./communicator.o

.debug_macro
 *(.debug_macro)
OUTPUT(actuator_control_board.elf elf32-avr)
LOAD linker stubs

Cross Reference Table

Symbol                                            File
SPI_receive                                       build/./spi.o
SPI_slave_init                                    build/./spi.o
SPI_transmit                                      build/./spi.o
USART0_init                                       build/./usart0.o
                                                  build/./main.o
USART0_receive                                    build/./usart0.o
                                                  build/./communicator.o
USART0_transmit                                   build/./usart0.o
                                                  build/./communicator.o
__bad_interrupt                                   /usr/lib/gcc/avr/4.9.2/../../../avr/lib/avr51/crtat90can128.o
__bss_end                                         /usr/lib/gcc/avr/4.9.2/avr51/libgcc.a(_clear_bss.o)
__bss_start                                       /usr/lib/gcc/avr/4.9.2/avr51/libgcc.a(_clear_bss.o)
__data_end                                        /usr/lib/gcc/avr/4.9.2/avr51/libgcc.a(_copy_data.o)
__data_load_start                                 /usr/lib/gcc/avr/4.9.2/avr51/libgcc.a(_copy_data.o)
__data_start                                      /usr/lib/gcc/avr/4.9.2/avr51/libgcc.a(_copy_data.o)
__do_clear_bss                                    /usr/lib/gcc/avr/4.9.2/avr51/libgcc.a(_clear_bss.o)
                                                  build/./pwm.o
                                                  build/./sensor.o
__do_copy_data                                    /usr/lib/gcc/avr/4.9.2/avr51/libgcc.a(_copy_data.o)
                                                  build/./sensor.o
__heap_end                                        /usr/lib/gcc/avr/4.9.2/../../../avr/lib/avr51/crtat90can128.o
__init                                            /usr/lib/gcc/avr/4.9.2/../../../avr/lib/avr51/crtat90can128.o
__stack                                           /usr/lib/gcc/avr/4.9.2/../../../avr/lib/avr51/crtat90can128.o
__udivmodsi4                                      /usr/lib/gcc/avr/4.9.2/avr51/libgcc.a(_udivmodsi4.o)
                                                  build/./pwm.o
                                                  build/./usart0.o
__umulhisi3                                       /usr/lib/gcc/avr/4.9.2/avr51/libgcc.a(_umulhisi3.o)
                                                  build/./pwm.o
__vector_1                                        /usr/lib/gcc/avr/4.9.2/../../../avr/lib/avr51/crtat90can128.o
__vector_10                                       /usr/lib/gcc/avr/4.9.2/../../../avr/lib/avr51/crtat90can128.o
__vector_11                                       /usr/lib/gcc/avr/4.9.2/../../../avr/lib/avr51/crtat90can128.o
__vector_12                                       /usr/lib/gcc/avr/4.9.2/../../../avr/lib/avr51/crtat90can128.o
__vector_13                                       /usr/lib/gcc/avr/4.9.2/../../../avr/lib/avr51/crtat90can128.o
__vector_14                                       /usr/lib/gcc/avr/4.9.2/../../../avr/lib/avr51/crtat90can128.o
__vector_15                                       /usr/lib/gcc/avr/4.9.2/../../../avr/lib/avr51/crtat90can128.o
__vector_16                                       /usr/lib/gcc/avr/4.9.2/../../../avr/lib/avr51/crtat90can128.o
__vector_17                                       /usr/lib/gcc/avr/4.9.2/../../../avr/lib/avr51/crtat90can128.o
__vector_18                                       /usr/lib/gcc/avr/4.9.2/../../../avr/lib/avr51/crtat90can128.o
__vector_19                                       /usr/lib/gcc/avr/4.9.2/../../../avr/lib/avr51/crtat90can128.o
__vector_2                                        /usr/lib/gcc/avr/4.9.2/../../../avr/lib/avr51/crtat90can128.o
__vector_20                                       /usr/lib/gcc/avr/4.9.2/../../../avr/lib/avr51/crtat90can128.o
__vector_21                                       /usr/lib/gcc/avr/4.9.2/../../../avr/lib/avr51/crtat90can128.o
__vector_22                                       /usr/lib/gcc/avr/4.9.2/../../../avr/lib/avr51/crtat90can128.o
__vector_23                                       /usr/lib/gcc/avr/4.9.2/../../../avr/lib/avr51/crtat90can128.o
__vector_24                                       /usr/lib/gcc/avr/4.9.2/../../../avr/lib/avr51/crtat90can128.o
__vector_25                                       /usr/lib/gcc/avr/4.9.2/../../../avr/lib/avr51/crtat90can128.o
__vector_26                                       /usr/lib/gcc/avr/4.9.2/../../../avr/lib/avr51/crtat90can128.o
__vector_27                                       /usr/lib/gcc/avr/4.9.2/../../../avr/lib/avr51/crtat90can128.o
__vector_28                                       /usr/lib/gcc/avr/4.9.2/../../../avr/lib/avr51/crtat90can128.o
__vector_29                                       /usr/lib/gcc/avr/4.9.2/../../../avr/lib/avr51/crtat90can128.o
__vector_3                                        /usr/lib/gcc/avr/4.9.2/../../../avr/lib/avr51/crtat90can128.o
__vector_30                                       /usr/lib/gcc/avr/4.9.2/../../../avr/lib/avr51/crtat90can128.o
__vector_31                                       /usr/lib/gcc/avr/4.9.2/../../../avr/lib/avr51/crtat90can128.o
__vector_32                                       /usr/lib/gcc/avr/4.9.2/../../../avr/lib/avr51/crtat90can128.o
__vector_33                                       /usr/lib/gcc/avr/4.9.2/../../../avr/lib/avr51/crtat90can128.o
__vector_34                                       /usr/lib/gcc/avr/4.9.2/../../../avr/lib/avr51/crtat90can128.o
__vector_35                                       /usr/lib/gcc/avr/4.9.2/../../../avr/lib/avr51/crtat90can128.o
__vector_36                                       /usr/lib/gcc/avr/4.9.2/../../../avr/lib/avr51/crtat90can128.o
__vector_4                                        /usr/lib/gcc/avr/4.9.2/../../../avr/lib/avr51/crtat90can128.o
__vector_5                                        /usr/lib/gcc/avr/4.9.2/../../../avr/lib/avr51/crtat90can128.o
__vector_6                                        /usr/lib/gcc/avr/4.9.2/../../../avr/lib/avr51/crtat90can128.o
__vector_7                                        /usr/lib/gcc/avr/4.9.2/../../../avr/lib/avr51/crtat90can128.o
__vector_8                                        /usr/lib/gcc/avr/4.9.2/../../../avr/lib/avr51/crtat90can128.o
__vector_9                                        /usr/lib/gcc/avr/4.9.2/../../../avr/lib/avr51/crtat90can128.o
__vector_default                                  /usr/lib/gcc/avr/4.9.2/../../../avr/lib/avr51/crtat90can128.o
__vectors                                         /usr/lib/gcc/avr/4.9.2/../../../avr/lib/avr51/crtat90can128.o
_exit                                             /usr/lib/gcc/avr/4.9.2/avr51/libgcc.a(_exit.o)
brushless_init                                    build/./actuator.o
brushless_set_speed                               build/./actuator.o
                                                  build/./communicator.o
                                                  build/./main.o
exit                                              /usr/lib/gcc/avr/4.9.2/avr51/libgcc.a(_exit.o)
                                                  /usr/lib/gcc/avr/4.9.2/../../../avr/lib/avr51/crtat90can128.o
main                                              build/./main.o
                                                  /usr/lib/gcc/avr/4.9.2/../../../avr/lib/avr51/crtat90can128.o
pbr_pwm_set                                       build/./pwm.o
                                                  build/./actuator.o
pwm_init                                          build/./pwm.o
                                                  build/./main.o
read_byte                                         build/./communicator.o
read_packet                                       build/./communicator.o
                                                  build/./main.o
register_16_write                                 build/./register.o
                                                  build/./pwm.o
send_sensor_status                                build/./sensor.o
                                                  build/./communicator.o
                                                  build/./main.o
sensors_init                                      build/./sensor.o
                                                  build/./main.o
servo_limit_check                                 build/./actuator.o
servo_pwm_set                                     build/./pwm.o
                                                  build/./actuator.o
                                                  build/./main.o
servo_set_position                                build/./actuator.o
                                                  build/./communicator.o
timer1_init                                       build/./pwm.o
                                                  build/./main.o
timer3_init                                       build/./pwm.o
                                                  build/./main.o
transmit_byte                                     build/./communicator.o
                                                  build/./sensor.o
update_sensor_status                              build/./sensor.o
                                                  build/./main.o
